// Jest Snapshot v1, https://goo.gl/fbAQLP

exports[`Testeando componente <ProductTitle /> Debe de mostrar con el nombre del producto 1`] = `
<div
  className="productCard undefined"
>
  <span
    className="productDescription undefined"
  >
    Coffe mug - Sin imagen
  </span>
</div>
`;

exports[`Testeando componente <ProductTitle /> Debe de mostrar el componente correctamente con el titulo personalizado 1`] = `
<span
  className="productDescription custom-class"
>
  Custom Product
</span>
`;
